###############################################################################
#
# IAR ELF Linker V3.11.1.207 for STM8                     31/Dec/2020  14:47:35
# Copyright 2010-2019 IAR Systems AB.
#
#    Output file  =  
#        C:\Users\Dat
#        UTC\Documents\Rang_Dong\dong_goi_du_an\DEN_HOC_DUONG\R_D_light_sensor_DEN_HOC_DUONG\Debug\Exe\TEST_LIB.out
#    Map file     =  
#        C:\Users\Dat
#        UTC\Documents\Rang_Dong\dong_goi_du_an\DEN_HOC_DUONG\R_D_light_sensor_DEN_HOC_DUONG\Debug\List\TEST_LIB.map
#    Command line =  
#        -f C:\Users\DATUTC~1\AppData\Local\Temp\EW36DD.tmp ("C:\Users\Dat
#        UTC\Documents\Rang_Dong\dong_goi_du_an\DEN_HOC_DUONG\R_D_light_sensor_DEN_HOC_DUONG\Debug\Obj\main.o"
#        "C:\Users\Dat
#        UTC\Documents\Rang_Dong\dong_goi_du_an\DEN_HOC_DUONG\R_D_light_sensor_DEN_HOC_DUONG\Debug\Obj\stm8s_adc1.o"
#        "C:\Users\Dat
#        UTC\Documents\Rang_Dong\dong_goi_du_an\DEN_HOC_DUONG\R_D_light_sensor_DEN_HOC_DUONG\Debug\Obj\stm8s_clk.o"
#        "C:\Users\Dat
#        UTC\Documents\Rang_Dong\dong_goi_du_an\DEN_HOC_DUONG\R_D_light_sensor_DEN_HOC_DUONG\Debug\Obj\stm8s_flash.o"
#        "C:\Users\Dat
#        UTC\Documents\Rang_Dong\dong_goi_du_an\DEN_HOC_DUONG\R_D_light_sensor_DEN_HOC_DUONG\Debug\Obj\stm8s_gpio.o"
#        "C:\Users\Dat
#        UTC\Documents\Rang_Dong\dong_goi_du_an\DEN_HOC_DUONG\R_D_light_sensor_DEN_HOC_DUONG\Debug\Obj\stm8s_it.o"
#        "C:\Users\Dat
#        UTC\Documents\Rang_Dong\dong_goi_du_an\DEN_HOC_DUONG\R_D_light_sensor_DEN_HOC_DUONG\Debug\Obj\stm8s_tim1.o"
#        "C:\Users\Dat
#        UTC\Documents\Rang_Dong\dong_goi_du_an\DEN_HOC_DUONG\R_D_light_sensor_DEN_HOC_DUONG\Debug\Obj\stm8s_uart1.o"
#        --redirect _Printf=_PrintfSmall --redirect _Scanf=_ScanfSmall
#        --no_out_extension -o "C:\Users\Dat
#        UTC\Documents\Rang_Dong\dong_goi_du_an\DEN_HOC_DUONG\R_D_light_sensor_DEN_HOC_DUONG\Debug\Exe\TEST_LIB.out"
#        --map "C:\Users\Dat
#        UTC\Documents\Rang_Dong\dong_goi_du_an\DEN_HOC_DUONG\R_D_light_sensor_DEN_HOC_DUONG\Debug\List\TEST_LIB.map"
#        --config "C:\Program Files (x86)\IAR Systems\Embedded Workbench
#        8.3\stm8\config\lnkstm8s003f3.icf" --config_def _CSTACK_SIZE=0x100
#        --config_def _HEAP_SIZE=0x100 --entry __iar_program_start --debug_lib)
#
###############################################################################

*******************************************************************************
*** RUNTIME MODEL ATTRIBUTES
***

__SystemLibrary            = DLib
__code_model               = small
__core                     = stm8
__data_model               = medium
__dlib_file_descriptor     = 0
__dlib_full_locale_support = 0
__rt_version               = 4


*******************************************************************************
*** PLACEMENT SUMMARY
***

"A0":  place at start of [0x000000-0x0000ff] { rw section .vregs };
"A1":  place at end of [0x000000-0x0003ff] { block CSTACK };
"P2":  place in [from 0x000000 to 0x0003ff] {
          block HEAP, rw section __DLIB_PERTHREAD, rw section .far.bss,
          rw section .far.data, rw section .far.noinit,
          rw section .far_func.textrw, rw section .huge.bss,
          rw section .huge.data, rw section .huge.noinit,
          rw section .huge_func.textrw, rw section .iar.dynexit,
          rw section .near.bss, rw section .near.data, rw section .near.noinit,
          rw section .near_func.textrw };
"A2":  place at start of [0x008000-0x009fff] { block INTVEC };
"P3":  place in [from 0x008000 to 0x009fff] {
          ro section __DLIB_PERTHREAD_init, ro section .far.data_init,
          ro section .far_func.textrw_init, ro section .huge.data_init,
          ro section .huge_func.textrw_init, ro section .iar.init_table,
          ro section .init_array, ro section .near.data_init,
          ro section .near.rodata, ro section .near_func.text,
          ro section .near_func.textrw_init, ro section .tiny.data_init,
          ro section .tiny.rodata_init };
"P4":  place in [from 0x008000 to 0x009fff] {
          ro section .far.rodata, ro section .far_func.text };
"P5":  place in [from 0x008000 to 0x009fff] {
          ro section .huge.rodata, ro section .huge_func.text };
do not initialize {
   rw section .eeprom.noinit, rw section .far.noinit, rw section .huge.noinit,
   rw section .near.noinit, rw section .tiny.noinit, rw section .vregs };

No sections matched the following patterns:

  ro section .far.data_init          in "P3-P5"
  ro section .far.rodata             in "P3-P5"
  ro section .far_func.text          in "P3-P5"
  ro section .far_func.textrw_init   in "P3-P5"
  ro section .huge.data_init         in "P3-P5"
  ro section .huge.rodata            in "P3-P5"
  ro section .huge_func.text         in "P3-P5"
  ro section .huge_func.textrw_init  in "P3-P5"
  ro section .iar.init_table         in "P3-P5"
  ro section .init_array             in "P3-P5"
  ro section .near.data_init         in "P3-P5"
  ro section .near_func.textrw_init  in "P3-P5"
  ro section .tiny.data_init         in "P3-P5"
  ro section .tiny.rodata_init       in "P3-P5"
  ro section __DLIB_PERTHREAD_init   in "P3-P5"
  rw section .far.bss                in "P2"
  rw section .far.data               in "P2"
  rw section .far.noinit             in "P2"
  rw section .far_func.textrw        in "P2"
  rw section .huge.bss               in "P2"
  rw section .huge.data              in "P2"
  rw section .huge.noinit            in "P2"
  rw section .huge_func.textrw       in "P2"
  rw section .iar.dynexit            in "P2"
  rw section .near.data              in "P2"
  rw section .near.noinit            in "P2"
  rw section .near_func.textrw       in "P2"
  rw section .tiny.bss               in "P1"
  rw section .tiny.data              in "P1"
  rw section .tiny.noinit            in "P1"
  rw section .tiny.rodata            in "P1"
  rw section __DLIB_PERTHREAD        in "P2"
  section .eeprom.data               in "P6-P8"
  section .eeprom.noinit             in "P6-P8"
  section .eeprom.rodata             in "P6-P8"


  Section          Kind      Address    Size  Object
  -------          ----      -------    ----  ------
"A0":                                   0x10
  .vregs           uninit   0x000000    0x10  vregs.o [4]
                          - 0x000010    0x10

"P2":                                   0x25
  .near.bss        zero     0x000010     0x4  main.o [1]
  .near.bss        zero     0x000014     0x4  main.o [1]
  .near.bss        zero     0x000018     0x4  main.o [1]
  .near.bss        zero     0x00001c     0x2  main.o [1]
  .near.bss        zero     0x00001e     0x2  main.o [1]
  .near.bss        zero     0x000020     0x2  main.o [1]
  .near.bss        zero     0x000022     0x2  main.o [1]
  .near.bss        zero     0x000024     0x2  main.o [1]
  .near.bss        zero     0x000026     0x2  main.o [1]
  .near.bss        zero     0x000028     0x2  main.o [1]
  .near.bss        zero     0x00002a     0x2  main.o [1]
  .near.bss        zero     0x00002c     0x2  main.o [1]
  .near.bss        zero     0x00002e     0x1  main.o [1]
  .near.bss        zero     0x00002f     0x1  main.o [1]
  .near.bss        zero     0x000030     0x1  main.o [1]
  .near.bss        zero     0x000031     0x1  main.o [1]
  .near.bss        zero     0x000032     0x1  main.o [1]
  .near.bss        zero     0x000033     0x1  stm8s_it.o [1]
  .near.bss        zero     0x000034     0x1  stm8s_it.o [1]
                          - 0x000035    0x25

"A1":                                  0x100
  CSTACK                    0x000300   0x100  <Block>
    CSTACK         uninit   0x000300   0x100  <Block tail>
                          - 0x000400   0x100

"A2":                                   0x80
  INTVEC                    0x008000    0x80  <Block>
    .intvec        const    0x008000    0x80  interrupt.o [4]
                          - 0x008080    0x80

"P3-P5":                              0x198b
  .near_func.text  ro code  0x008080   0x234  main.o [1]
  .near_func.text  ro code  0x0082b4   0x222  stm8s_uart1.o [1]
  .near_func.text  ro code  0x0084d6   0x19a  stm8s_adc1.o [1]
  .near_func.text  ro code  0x008670   0x130  long.o [4]
  .near_func.text  ro code  0x0087a0   0x110  stm8s_gpio.o [1]
  .near_func.text  ro code  0x0088b0   0x105  vreg_util.o [4]
  .near_func.text  ro code  0x0089b5    0xfc  stm8s_adc1.o [1]
  .near_func.text  ro code  0x008ab1    0xd3  stm8s_uart1.o [1]
  .near_func.text  ro code  0x008b84    0xd0  stm8s_tim1.o [1]
  .near_func.text  ro code  0x008c54    0xd0  stm8s_uart1.o [1]
  .near_func.text  ro code  0x008d24    0xbe  stm8s_adc1.o [1]
  .near_func.text  ro code  0x008de2    0x99  stm8s_tim1.o [1]
  .near_func.text  ro code  0x008e7b    0x97  main.o [1]
  .near_func.text  ro code  0x008f12    0x8b  stm8s_clk.o [1]
  .near_func.text  ro code  0x008f9d    0x8b  stm8s_it.o [1]
  .near_func.text  ro code  0x009028    0x88  main.o [1]
  .near.rodata     const    0x0090b0    0x77  stm8s_flash.o [1]
  .near.rodata     const    0x009127    0x77  stm8s_uart1.o [1]
  .near.rodata     const    0x00919e    0x76  stm8s_adc1.o [1]
  .near.rodata     const    0x009214    0x76  stm8s_gpio.o [1]
  .near.rodata     const    0x00928a    0x76  stm8s_tim1.o [1]
  .near.rodata     const    0x009300    0x75  stm8s_clk.o [1]
  .near_func.text  ro code  0x009375    0x60  stm8s_tim1.o [1]
  .near_func.text  ro code  0x0093d5    0x5c  stm8s_gpio.o [1]
  .near_func.text  ro code  0x009431    0x5b  stm8s_adc1.o [1]
  .near_func.text  ro code  0x00948c    0x59  stm8s_adc1.o [1]
  .near_func.text  ro code  0x0094e5    0x57  stm8s_clk.o [1]
  .near_func.text  ro code  0x00953c    0x55  stm8s_adc1.o [1]
  .near_func.text  ro code  0x009591    0x55  stm8s_adc1.o [1]
  .near_func.text  ro code  0x0095e6    0x54  stm8s_flash.o [1]
  .near_func.text  ro code  0x00963a    0x4a  stm8s_flash.o [1]
  .near_func.text  ro code  0x009684    0x4a  stm8s_flash.o [1]
  .near_func.text  ro code  0x0096ce    0x47  long_util.o [4]
  .near_func.text  ro code  0x009715    0x3b  stm8s_flash.o [1]
  .near_func.text  ro code  0x009750    0x36  stm8s_clk.o [1]
  .near_func.text  ro code  0x009786    0x32  main.o [1]
  .near_func.text  ro code  0x0097b8    0x31  stm8s_adc1.o [1]
  .near_func.text  ro code  0x0097e9    0x2f  stm8s_tim1.o [1]
  .near_func.text  ro code  0x009818    0x2f  stm8s_tim1.o [1]
  .near_func.text  ro code  0x009847    0x2d  stm8s_flash.o [1]
  .near_func.text  ro code  0x009874    0x2c  main.o [1]
  .near_func.text  ro code  0x0098a0    0x28  main.o [1]
  .near_func.text  ro code  0x0098c8    0x25  dc_util.o [4]
  .iar.init_table  const    0x0098ed     0x8  - Linker created -
  .near_func.text  ro code  0x0098f5    0x1f  main.o [1]
  .near_func.text  ro code  0x009914    0x1e  init_small.o [4]
  .near_func.text  ro code  0x009932    0x18  stm8s_flash.o [1]
  .near_func.text  ro code  0x00994a    0x14  stm8s_gpio.o [1]
  .near_func.text  ro code  0x00995e    0x14  short.o [4]
  .near_func.text  ro code  0x009972    0x14  init.o [4]
  .near_func.text  ro code  0x009986    0x14  __dbg_xxexit.o [3]
  .near_func.text  ro code  0x00999a    0x13  cstartup.o [4]
  .near_func.text  ro code  0x0099ad     0xd  stm8s_uart1.o [1]
  .near_func.text  ro code  0x0099ba     0xd  move.o [4]
  .near_func.text  ro code  0x0099c7     0x9  stm8s_tim1.o [1]
  .near_func.text  ro code  0x0099d0     0x7  stm8s_gpio.o [1]
  .near_func.text  ro code  0x0099d7     0x5  stm8s_adc1.o [1]
  .near_func.text  ro code  0x0099dc     0x5  cexit.o [4]
  .near.rodata     const    0x0099e1     0x4  stm8s_clk.o [1]
  .near_func.text  ro code  0x0099e5     0x4  stm8s_uart1.o [1]
  .near_func.text  ro code  0x0099e9     0x3  interrupt.o [4]
  .near_func.text  ro code  0x0099ec     0x3  low_level_init.o [4]
  .near_func.text  ro code  0x0099ef     0x3  exit.o [4]
  .near_func.text  ro code  0x0099f2     0x3  unhandled_exception.o [4]
  .near_func.text  ro code  0x0099f5     0x2  main.o [1]
  .near_func.text  ro code  0x0099f7     0x1  stm8s_it.o [1]
  .near_func.text  ro code  0x0099f8     0x1  stm8s_it.o [1]
  .near_func.text  ro code  0x0099f9     0x1  stm8s_it.o [1]
  .near_func.text  ro code  0x0099fa     0x1  stm8s_it.o [1]
  .near_func.text  ro code  0x0099fb     0x1  stm8s_it.o [1]
  .near_func.text  ro code  0x0099fc     0x1  stm8s_it.o [1]
  .near_func.text  ro code  0x0099fd     0x1  stm8s_it.o [1]
  .near_func.text  ro code  0x0099fe     0x1  stm8s_it.o [1]
  .near_func.text  ro code  0x0099ff     0x1  stm8s_it.o [1]
  .near_func.text  ro code  0x009a00     0x1  stm8s_it.o [1]
  .near_func.text  ro code  0x009a01     0x1  stm8s_it.o [1]
  .near_func.text  ro code  0x009a02     0x1  stm8s_it.o [1]
  .near_func.text  ro code  0x009a03     0x1  stm8s_it.o [1]
  .near_func.text  ro code  0x009a04     0x1  stm8s_it.o [1]
  .near_func.text  ro code  0x009a05     0x1  stm8s_it.o [1]
  .near_func.text  ro code  0x009a06     0x1  stm8s_it.o [1]
  .near_func.text  ro code  0x009a07     0x1  stm8s_it.o [1]
  .near_func.text  ro code  0x009a08     0x1  stm8s_it.o [1]
  .near_func.text  ro code  0x009a09     0x1  stm8s_it.o [1]
  .near_func.text  ro code  0x009a0a     0x1  __dbg_break.o [3]
                          - 0x009a0b  0x198b


*******************************************************************************
*** INIT TABLE
***

          Address   Size
          -------   ----
Zero (__iar_zero_init2)
    1 destination range, total size 0x25:
          0x000010  0x25



*******************************************************************************
*** MODULE SUMMARY
***

    Module                 ro code  ro data  rw data
    ------                 -------  -------  -------
C:\Users\Dat UTC\Documents\Rang_Dong\dong_goi_du_an\DEN_HOC_DUONG\R_D_light_sensor_DEN_HOC_DUONG\Debug\Obj: [1]
    main.o                   1 018                35
    stm8s_adc1.o             1 256      118
    stm8s_clk.o                280      121
    stm8s_flash.o              360      119
    stm8s_gpio.o               391      118
    stm8s_it.o                 158                 2
    stm8s_tim1.o               560      118
    stm8s_uart1.o              982      119
    ------------------------------------------------
    Total:                   5 005      713       37

command line: [2]
    ------------------------------------------------
    Total:

dbgstm8smd.a: [3]
    __dbg_break.o                1
    __dbg_xxexit.o              20
    ------------------------------------------------
    Total:                      21

dlstm8smn.a: [4]
    cexit.o                      5
    cstartup.o                  19
    dc_util.o                   37
    exit.o                       3
    init.o                      20
    init_small.o                30
    interrupt.o                  3      128
    long.o                     304
    long_util.o                 71
    low_level_init.o             3
    move.o                      13
    short.o                     20
    unhandled_exception.o        3
    vreg_util.o                261
    vregs.o                                       16
    ------------------------------------------------
    Total:                     792      128       16

    Linker created                        8      256
----------------------------------------------------
    Grand Total:             5 818      849      309


*******************************************************************************
*** ENTRY LIST
***

Entry                    Address   Size  Type      Object
-----                    -------   ----  ----      ------
.iar.init_table$$Base   0x0098ed          --   Gb  - Linker created -
.iar.init_table$$Limit  0x0098f5          --   Gb  - Linker created -
?b0                     0x000000         Data  Gb  vregs.o [4]
?b1                     0x000001         Data  Gb  vregs.o [4]
?b10                    0x00000a         Data  Gb  vregs.o [4]
?b11                    0x00000b         Data  Gb  vregs.o [4]
?b12                    0x00000c         Data  Gb  vregs.o [4]
?b13                    0x00000d         Data  Gb  vregs.o [4]
?b14                    0x00000e         Data  Gb  vregs.o [4]
?b15                    0x00000f         Data  Gb  vregs.o [4]
?b2                     0x000002         Data  Gb  vregs.o [4]
?b3                     0x000003         Data  Gb  vregs.o [4]
?b4                     0x000004         Data  Gb  vregs.o [4]
?b5                     0x000005         Data  Gb  vregs.o [4]
?b6                     0x000006         Data  Gb  vregs.o [4]
?b7                     0x000007         Data  Gb  vregs.o [4]
?b8                     0x000008         Data  Gb  vregs.o [4]
?b9                     0x000009         Data  Gb  vregs.o [4]
?dc32_l0                0x0098c8         Code  Gb  dc_util.o [4]
?dc32_l1                0x0098d5         Code  Gb  dc_util.o [4]
?dc32_px                0x0098e2         Code  Gb  dc_util.o [4]
?e0                     0x000001         Data  Gb  vregs.o [4]
?e1                     0x000005         Data  Gb  vregs.o [4]
?e2                     0x000009         Data  Gb  vregs.o [4]
?e3                     0x00000d         Data  Gb  vregs.o [4]
?epilogue_l2            0x00894b         Code  Gb  vreg_util.o [4]
?epilogue_l2_l3         0x008948         Code  Gb  vreg_util.o [4]
?epilogue_l2_w6         0x00894f         Code  Gb  vreg_util.o [4]
?epilogue_w4            0x008956         Code  Gb  vreg_util.o [4]
?l0                     0x000000         Data  Gb  vregs.o [4]
?l1                     0x000004         Data  Gb  vregs.o [4]
?l2                     0x000008         Data  Gb  vregs.o [4]
?l3                     0x00000c         Data  Gb  vregs.o [4]
?load32_0x_l0           0x009707         Code  Gb  long_util.o [4]
?load32_asp_l0          0x0096fb         Code  Gb  long_util.o [4]
?load32_dbsp_l0         0x0096f6         Code  Gb  long_util.o [4]
?load32_l0_0x           0x0096de         Code  Gb  long_util.o [4]
?load32_l0_asp          0x0096d3         Code  Gb  long_util.o [4]
?load32_l0_dbsp         0x0096ce         Code  Gb  long_util.o [4]
?load32_l0_xsp          0x0096d5         Code  Gb  long_util.o [4]
?load32_l1_0x           0x0096ea         Code  Gb  long_util.o [4]
?load32_xsp_l0          0x0096fd         Code  Gb  long_util.o [4]
?mov_e0_e2              0x00895d         Code  Gb  vreg_util.o [4]
?mov_e0_e3              0x00896a         Code  Gb  vreg_util.o [4]
?mov_e1_e0              0x008977         Code  Gb  vreg_util.o [4]
?mov_e1_e2              0x008984         Code  Gb  vreg_util.o [4]
?mov_e1_e3              0x008991         Code  Gb  vreg_util.o [4]
?mov_e2_e0              0x00899e         Code  Gb  vreg_util.o [4]
?mov_e3_e0              0x0089ab         Code  Gb  vreg_util.o [4]
?mov_l0_l2              0x00895a         Code  Gb  vreg_util.o [4]
?mov_l0_l3              0x008967         Code  Gb  vreg_util.o [4]
?mov_l1_l0              0x008974         Code  Gb  vreg_util.o [4]
?mov_l1_l2              0x008981         Code  Gb  vreg_util.o [4]
?mov_l1_l3              0x00898e         Code  Gb  vreg_util.o [4]
?mov_l2_l0              0x00899b         Code  Gb  vreg_util.o [4]
?mov_l3_l0              0x0089a8         Code  Gb  vreg_util.o [4]
?mov_w1_w5              0x008960         Code  Gb  vreg_util.o [4]
?mov_w1_w7              0x00896d         Code  Gb  vreg_util.o [4]
?mov_w3_w1              0x00897a         Code  Gb  vreg_util.o [4]
?mov_w3_w5              0x008987         Code  Gb  vreg_util.o [4]
?mov_w3_w7              0x008994         Code  Gb  vreg_util.o [4]
?mov_w5_w1              0x0089a1         Code  Gb  vreg_util.o [4]
?mov_w7_w1              0x0089ae         Code  Gb  vreg_util.o [4]
?move1616_v_x_y_a       0x0099ba         Code  Gb  move.o [4]
?mul32_l0_l0_0x         0x008693         Code  Gb  long.o [4]
?mul32_l0_l0_dl         0x008690         Code  Gb  long.o [4]
?mul32_l0_l0_l1         0x00869c         Code  Gb  long.o [4]
?pop_l0                 0x008914         Code  Gb  vreg_util.o [4]
?pop_l1                 0x00891f         Code  Gb  vreg_util.o [4]
?pop_l2                 0x00892a         Code  Gb  vreg_util.o [4]
?pop_l3                 0x008935         Code  Gb  vreg_util.o [4]
?pop_w4                 0x0088cd         Code  Gb  vreg_util.o [4]
?pop_w6                 0x0088d4         Code  Gb  vreg_util.o [4]
?push_l0                0x0088e3         Code  Gb  vreg_util.o [4]
?push_l1                0x0088e8         Code  Gb  vreg_util.o [4]
?push_l2                0x0088ed         Code  Gb  vreg_util.o [4]
?push_l3                0x0088f2         Code  Gb  vreg_util.o [4]
?push_w4                0x0088b0         Code  Gb  vreg_util.o [4]
?push_w6                0x0088b5         Code  Gb  vreg_util.o [4]
?sll16_x_x_4            0x009968         Code  Gb  short.o [4]
?sll16_x_x_5            0x009967         Code  Gb  short.o [4]
?sll16_x_x_6            0x009966         Code  Gb  short.o [4]
?sll16_x_x_a            0x00995e         Code  Gb  short.o [4]
?sll32_0x_0x_a          0x008792         Code  Gb  long.o [4]
?sll32_l0_l0_a          0x00878f         Code  Gb  long.o [4]
?srl16_x_x_4            0x00996d         Code  Gb  short.o [4]
?sub32_l0_l0_0x         0x008678         Code  Gb  long.o [4]
?sub32_l0_l0_dl         0x008670         Code  Gb  long.o [4]
?sub32_l0_l0_l1         0x008675         Code  Gb  long.o [4]
?udiv32_l0_dl_l1        0x00871a         Code  Gb  long.o [4]
?udiv32_l0_l0_dl        0x00871f         Code  Gb  long.o [4]
?udiv32_l0_l0_l1        0x008722         Code  Gb  long.o [4]
?umod32_l1_l0_l1        0x008722         Code  Gb  long.o [4]
?w0                     0x000000         Data  Gb  vregs.o [4]
?w1                     0x000002         Data  Gb  vregs.o [4]
?w2                     0x000004         Data  Gb  vregs.o [4]
?w3                     0x000006         Data  Gb  vregs.o [4]
?w4                     0x000008         Data  Gb  vregs.o [4]
?w5                     0x00000a         Data  Gb  vregs.o [4]
?w6                     0x00000c         Data  Gb  vregs.o [4]
?w7                     0x00000e         Data  Gb  vregs.o [4]
ADC1_ConversionConfig   0x008d24   0xbe  Code  Gb  stm8s_adc1.o [1]
ADC1_DeInit             0x0097b8   0x31  Code  Gb  stm8s_adc1.o [1]
ADC1_ExternalTriggerConfig
                        0x00948c   0x59  Code  Gb  stm8s_adc1.o [1]
ADC1_GetConversionValue
                        0x009591   0x55  Code  Gb  stm8s_adc1.o [1]
ADC1_IRQHandler         0x009a07    0x1  Code  Gb  stm8s_it.o [1]
ADC1_ITConfig           0x009431   0x5b  Code  Gb  stm8s_adc1.o [1]
ADC1_Init               0x0084d6  0x19a  Code  Gb  stm8s_adc1.o [1]
ADC1_PrescalerConfig    0x00953c   0x55  Code  Gb  stm8s_adc1.o [1]
ADC1_SchmittTriggerConfig
                        0x0089b5   0xfc  Code  Gb  stm8s_adc1.o [1]
ADC1_StartConversion    0x0099d7    0x5  Code  Gb  stm8s_adc1.o [1]
ADC_Config              0x009786   0x32  Code  Lc  main.o [1]
ADC_H                   0x00002e    0x1  Data  Gb  main.o [1]
ADC_L                   0x00002f    0x1  Data  Gb  main.o [1]
ADC_Mesh_Val            0x000028    0x2  Data  Gb  main.o [1]
ADC_val                 0x00001c    0x2  Data  Gb  main.o [1]
ADC_val_save            0x00001e    0x2  Data  Gb  main.o [1]
ADC_val_save1           0x000020    0x2  Data  Gb  main.o [1]
AWU_IRQHandler          0x0099f9    0x1  Code  Gb  stm8s_it.o [1]
CLK_DeInit              0x009750   0x36  Code  Gb  stm8s_clk.o [1]
CLK_GetClockFreq        0x0094e5   0x57  Code  Gb  stm8s_clk.o [1]
CLK_IRQHandler          0x0099fa    0x1  Code  Gb  stm8s_it.o [1]
CLK_SYSCLKConfig        0x008f12   0x8b  Code  Gb  stm8s_clk.o [1]
CSTACK$$Base            0x000300          --   Gb  - Linker created -
CSTACK$$Limit           0x000400          --   Gb  - Linker created -
Delay                   0x0098f5   0x1f  Code  Gb  main.o [1]
EEPROM_EEC_IRQHandler   0x009a09    0x1  Code  Gb  stm8s_it.o [1]
EXTI_PORTA_IRQHandler   0x0099fb    0x1  Code  Gb  stm8s_it.o [1]
EXTI_PORTB_IRQHandler   0x0099fc    0x1  Code  Gb  stm8s_it.o [1]
EXTI_PORTC_IRQHandler   0x0099fd    0x1  Code  Gb  stm8s_it.o [1]
EXTI_PORTD_IRQHandler   0x0099fe    0x1  Code  Gb  stm8s_it.o [1]
EXTI_PORTE_IRQHandler   0x0099ff    0x1  Code  Gb  stm8s_it.o [1]
FLASH_DeInit            0x009932   0x18  Code  Gb  stm8s_flash.o [1]
FLASH_EraseByte         0x00963a   0x4a  Code  Gb  stm8s_flash.o [1]
FLASH_ProgramByte       0x0095e6   0x54  Code  Gb  stm8s_flash.o [1]
FLASH_ReadByte          0x009684   0x4a  Code  Gb  stm8s_flash.o [1]
FLASH_SetProgrammingTime
                        0x009847   0x2d  Code  Gb  stm8s_flash.o [1]
FLASH_Unlock            0x009715   0x3b  Code  Gb  stm8s_flash.o [1]
FLASH_addr              0x000010    0x4  Data  Gb  main.o [1]
FLASH_read_data         0x009028   0x88  Code  Gb  main.o [1]
FLASH_save_data         0x008e7b   0x97  Code  Gb  main.o [1]
GPIO_DeInit             0x00994a   0x14  Code  Gb  stm8s_gpio.o [1]
GPIO_ExternalPullUpConfig
                        0x0093d5   0x5c  Code  Gb  stm8s_gpio.o [1]
GPIO_Init               0x0087a0  0x110  Code  Gb  stm8s_gpio.o [1]
GPIO_ReadInputPin       0x0099d0    0x7  Code  Gb  stm8s_gpio.o [1]
HSIDivFactor            0x0099e1    0x4  Data  Gb  stm8s_clk.o [1]
I2C_IRQHandler          0x009a06    0x1  Code  Gb  stm8s_it.o [1]
INTVEC$$Base            0x008000          --   Gb  - Linker created -
INTVEC$$Limit           0x008080          --   Gb  - Linker created -
PWM_H                   0x000030    0x1  Data  Gb  main.o [1]
PWM_L                   0x000031    0x1  Data  Gb  main.o [1]
PWM_pulse               0x000022    0x2  Data  Gb  main.o [1]
PWM_pulse_save          0x000024    0x2  Data  Gb  main.o [1]
RD_Mesh_Opcode          0x00002a    0x2  Data  Gb  main.o [1]
RD_Mesh_receive_data    0x000018    0x4  Data  Gb  main.o [1]
Region$$Table$$Base     0x0098ed          --   Gb  - Linker created -
Region$$Table$$Limit    0x0098f5          --   Gb  - Linker created -
SPI_IRQHandler          0x009a00    0x1  Code  Gb  stm8s_it.o [1]
TIM1_CAP_COM_IRQHandler
                        0x009a02    0x1  Code  Gb  stm8s_it.o [1]
TIM1_Cmd                0x0097e9   0x2f  Code  Gb  stm8s_tim1.o [1]
TIM1_Config             0x009874   0x2c  Code  Lc  main.o [1]
TIM1_CtrlPWMOutputs     0x009818   0x2f  Code  Gb  stm8s_tim1.o [1]
TIM1_DeInit             0x008de2   0x99  Code  Gb  stm8s_tim1.o [1]
TIM1_OC4Init            0x008b84   0xd0  Code  Gb  stm8s_tim1.o [1]
TIM1_SetCompare4        0x0099c7    0x9  Code  Gb  stm8s_tim1.o [1]
TIM1_TimeBaseInit       0x009375   0x60  Code  Gb  stm8s_tim1.o [1]
TIM1_UPD_OVF_TRG_BRK_IRQHandler
                        0x009a01    0x1  Code  Gb  stm8s_it.o [1]
TIM2_CAP_COM_IRQHandler
                        0x009a04    0x1  Code  Gb  stm8s_it.o [1]
TIM2_UPD_OVF_BRK_IRQHandler
                        0x009a03    0x1  Code  Gb  stm8s_it.o [1]
TIM4_UPD_OVF_IRQHandler
                        0x009a08    0x1  Code  Gb  stm8s_it.o [1]
TLI_IRQHandler          0x0099f8    0x1  Code  Gb  stm8s_it.o [1]
TRAP_IRQHandler         0x0099f7    0x1  Code  Gb  stm8s_it.o [1]
UART1_Cmd               0x0099ad    0xd  Code  Gb  stm8s_uart1.o [1]
UART1_GetITStatus       0x008ab1   0xd3  Code  Gb  stm8s_uart1.o [1]
UART1_ITConfig          0x008c54   0xd0  Code  Gb  stm8s_uart1.o [1]
UART1_Init              0x0082b4  0x222  Code  Gb  stm8s_uart1.o [1]
UART1_RX_IRQHandler     0x008f9d   0x8b  Code  Gb  stm8s_it.o [1]
UART1_ReceiveData8      0x0099e5    0x4  Code  Gb  stm8s_uart1.o [1]
UART1_TX_IRQHandler     0x009a05    0x1  Code  Gb  stm8s_it.o [1]
UART1_init              0x0098a0   0x28  Code  Gb  main.o [1]
UART_Rx_Buff            0x000014    0x4  Data  Gb  main.o [1]
__DebugBreak            0x009a0a    0x1  Code  Gb  __dbg_break.o [3]
__exit                  0x009986   0x14  Code  Gb  __dbg_xxexit.o [3]
__iar_data_init2        0x009972   0x14  Code  Gb  init.o [4]
__iar_program_start     0x00999a         Code  Gb  cstartup.o [4]
__iar_unhandled_exception
                        0x0099f2         Code  Gb  unhandled_exception.o [4]
__iar_zero_init2        0x009914         Code  Gb  init_small.o [4]
__intvec                0x008000         Data  Gb  interrupt.o [4]
__low_level_init        0x0099ec    0x3  Code  Gb  low_level_init.o [4]
_exit                   0x0099dc         Code  Gb  cexit.o [4]
_interrupt_1            0x0099f7         Code  Gb  stm8s_it.o [1]
_interrupt_12           0x009a00         Code  Gb  stm8s_it.o [1]
_interrupt_13           0x009a01         Code  Gb  stm8s_it.o [1]
_interrupt_14           0x009a02         Code  Gb  stm8s_it.o [1]
_interrupt_15           0x009a03         Code  Gb  stm8s_it.o [1]
_interrupt_16           0x009a04         Code  Gb  stm8s_it.o [1]
_interrupt_19           0x009a05         Code  Gb  stm8s_it.o [1]
_interrupt_2            0x0099f8         Code  Gb  stm8s_it.o [1]
_interrupt_20           0x008f9d         Code  Gb  stm8s_it.o [1]
_interrupt_21           0x009a06         Code  Gb  stm8s_it.o [1]
_interrupt_24           0x009a07         Code  Gb  stm8s_it.o [1]
_interrupt_25           0x009a08         Code  Gb  stm8s_it.o [1]
_interrupt_26           0x009a09         Code  Gb  stm8s_it.o [1]
_interrupt_3            0x0099f9         Code  Gb  stm8s_it.o [1]
_interrupt_4            0x0099fa         Code  Gb  stm8s_it.o [1]
_interrupt_5            0x0099fb         Code  Gb  stm8s_it.o [1]
_interrupt_6            0x0099fc         Code  Gb  stm8s_it.o [1]
_interrupt_7            0x0099fd         Code  Gb  stm8s_it.o [1]
_interrupt_8            0x0099fe         Code  Gb  stm8s_it.o [1]
_interrupt_9            0x0099ff         Code  Gb  stm8s_it.o [1]
assert_failed           0x0099f5    0x2  Code  Gb  main.o [1]
button_cnt              0x000032    0x1  Data  Gb  main.o [1]
exit                    0x0099ef    0x3  Code  Gb  exit.o [4]
i                       0x000034    0x1  Data  Gb  stm8s_it.o [1]
main                    0x008080  0x234  Code  Gb  main.o [1]
main_cycle              0x000026    0x2  Data  Gb  main.o [1]
pointer                 0x00002c    0x2  Data  Gb  main.o [1]
receive_flag            0x000033    0x1  Data  Gb  stm8s_it.o [1]


[1] = C:\Users\Dat UTC\Documents\Rang_Dong\dong_goi_du_an\DEN_HOC_DUONG\R_D_light_sensor_DEN_HOC_DUONG\Debug\Obj
[2] = command line
[3] = dbgstm8smd.a
[4] = dlstm8smn.a

  5 818 bytes of readonly  code memory
    849 bytes of readonly  data memory
    309 bytes of readwrite data memory

Errors: none
Warnings: none
